 obs_sequence 
 obs_kind_definitions 
     2
         102 SYNOP_TEMPERATURE
         261 MSG_4_SEVIRI_TB
 num_copies:            2  num_qc:            1
 num_obs:           4   max_num_obs:            4
 observations 
 truth 
 Quality Control 
 first:            1  last:            4
OBS         1 
301.509009144877 
301.0021510973083 
0.0 
        -1           2          -1 
obdef 
loc3d 
6.250862521029294    0.7617386402731844    2.0    -1 
kind 
         102 

 
 46800     148864 
 1.0
OBS         2 
299.99534143331243 
301.376166801592 
0.0 
        -1           3          -1 
obdef 
loc3d 
6.255199745180597    0.7618054856165454    2.0    -1 
kind 
         102 

 
 46800     148864 
 1.0
OBS         3 
252.2826500887255 
251.26893399358806 
0.0 
        -1           4          -1 
obdef 
loc3d 
6.250862521029294    0.7617386402731844    -888888.0    -2 
kind 
         261 
 visir
   180.00000000000000        45.000000000000000        207.05673522605844        28.897810301100350
          12           4          21           6
  -888888.00000000000
           1

 
 46800     148864 
 4.0
OBS         4 
252.2114425561486 
254.97309329270772 
0.0 
          3           -1          -1 
obdef 
loc3d 
6.255199745180597    0.7618054856165454    -888888.0    -2 
kind 
         261 
 visir
   180.00000000000000        45.000000000000000        207.05673522605844        28.897810301100350
          12           4          21           6
  -888888.00000000000
           2

 
 46800     148864 
 4.0