 obs_sequence
 obs_kind_definitions
     1
         261 MSG_4_SEVIRI_TB
 num_copies:            2  num_qc:            1
 num_obs:           2     max_num_obs:            2
 observations
 truth
 Quality Control
 first:            1  last:            2
OBS         1
252.2826500887255
251.26893399358806
0.0
        -1           2          -1
obdef
loc3d
6.250862521029294    0.7617386402731844    -888888.0    -2
kind
         261
 visir
   180.00000000000000        45.000000000000000        207.05673522605844        28.897810301100350
          12           4          21           6
  -888888.00000000000
           1

 46800     148864
 4.0
OBS         2
252.2114425561486
254.97309329270772
0.0
         1           -1          -1
obdef
loc3d
6.255199745180597    0.7618054856165454    -888888.0    -2
kind
         261
 visir
   180.00000000000000        45.000000000000000        207.05673522605844        28.897810301100350
          12           4          21           6
  -888888.00000000000
           2

 46800     148864
 4.0
